2026-05-03 13:15:22,462 [INFO] === worker-js starting ===
2026-05-03 13:15:22,465 [INFO] loaded 15 URLs from /app/data/urls.json
2026-05-03 13:15:22,835 [INFO] crawling https://www.jobbank.gc.ca/jobsearch/jobposting/49441632
2026-05-03 13:15:25,451 [INFO] saved → /app/data/raw/www_jobbank_gc_ca_jobsearch_jobposting_49441632.json
2026-05-03 13:15:25,451 [INFO] saved → /app/data/normalized/www_jobbank_gc_ca_jobsearch_jobposting_49441632.json
2026-05-03 13:15:25,452 [INFO] crawling https://www.jobbank.gc.ca/jobsearch/jobposting/49441368
2026-05-03 13:15:27,076 [INFO] saved → /app/data/raw/www_jobbank_gc_ca_jobsearch_jobposting_49441368.json
2026-05-03 13:15:27,077 [INFO] saved → /app/data/normalized/www_jobbank_gc_ca_jobsearch_jobposting_49441368.json
2026-05-03 13:15:27,077 [INFO] crawling https://www.jobbank.gc.ca/jobsearch/jobposting/49441387
2026-05-03 13:15:28,888 [INFO] saved → /app/data/raw/www_jobbank_gc_ca_jobsearch_jobposting_49441387.json
2026-05-03 13:15:28,888 [INFO] saved → /app/data/normalized/www_jobbank_gc_ca_jobsearch_jobposting_49441387.json
2026-05-03 13:15:28,888 [INFO] crawling https://www.jobbank.gc.ca/jobsearch/jobposting/49437912
2026-05-03 13:15:30,816 [INFO] saved → /app/data/raw/www_jobbank_gc_ca_jobsearch_jobposting_49437912.json
2026-05-03 13:15:30,816 [INFO] saved → /app/data/normalized/www_jobbank_gc_ca_jobsearch_jobposting_49437912.json
2026-05-03 13:15:30,816 [INFO] crawling https://www.jobbank.gc.ca/jobsearch/jobposting/49437328
2026-05-03 13:15:32,540 [INFO] saved → /app/data/raw/www_jobbank_gc_ca_jobsearch_jobposting_49437328.json
2026-05-03 13:15:32,541 [INFO] saved → /app/data/normalized/www_jobbank_gc_ca_jobsearch_jobposting_49437328.json
2026-05-03 13:15:32,541 [INFO] crawling https://www.jobbank.gc.ca/jobsearch/jobposting/49435154
2026-05-03 13:15:34,207 [INFO] saved → /app/data/raw/www_jobbank_gc_ca_jobsearch_jobposting_49435154.json
2026-05-03 13:15:34,207 [INFO] saved → /app/data/normalized/www_jobbank_gc_ca_jobsearch_jobposting_49435154.json
2026-05-03 13:15:34,207 [INFO] crawling https://www.jobbank.gc.ca/jobsearch/jobposting/49435081
2026-05-03 13:15:36,084 [INFO] saved → /app/data/raw/www_jobbank_gc_ca_jobsearch_jobposting_49435081.json
2026-05-03 13:15:36,084 [INFO] saved → /app/data/normalized/www_jobbank_gc_ca_jobsearch_jobposting_49435081.json
2026-05-03 13:15:36,085 [INFO] crawling https://www.jobbank.gc.ca/jobsearch/jobposting/49434645
2026-05-03 13:15:37,897 [INFO] saved → /app/data/raw/www_jobbank_gc_ca_jobsearch_jobposting_49434645.json
2026-05-03 13:15:37,899 [INFO] saved → /app/data/normalized/www_jobbank_gc_ca_jobsearch_jobposting_49434645.json
2026-05-03 13:15:37,899 [INFO] crawling https://www.jobbank.gc.ca/jobsearch/jobposting/49433545
2026-05-03 13:15:40,030 [INFO] saved → /app/data/raw/www_jobbank_gc_ca_jobsearch_jobposting_49433545.json
2026-05-03 13:15:40,031 [INFO] saved → /app/data/normalized/www_jobbank_gc_ca_jobsearch_jobposting_49433545.json
2026-05-03 13:15:40,031 [INFO] crawling https://www.jobbank.gc.ca/jobsearch/jobposting/49431759
2026-05-03 13:15:42,372 [INFO] saved → /app/data/raw/www_jobbank_gc_ca_jobsearch_jobposting_49431759.json
2026-05-03 13:15:42,373 [INFO] saved → /app/data/normalized/www_jobbank_gc_ca_jobsearch_jobposting_49431759.json
2026-05-03 13:15:42,373 [INFO] crawling https://www.jobbank.gc.ca/jobsearch/jobposting/49430904
2026-05-03 13:15:44,221 [INFO] saved → /app/data/raw/www_jobbank_gc_ca_jobsearch_jobposting_49430904.json
2026-05-03 13:15:44,222 [INFO] saved → /app/data/normalized/www_jobbank_gc_ca_jobsearch_jobposting_49430904.json
2026-05-03 13:15:44,222 [INFO] crawling https://www.jobbank.gc.ca/jobsearch/jobposting/49431264
2026-05-03 13:15:46,347 [INFO] saved → /app/data/raw/www_jobbank_gc_ca_jobsearch_jobposting_49431264.json
2026-05-03 13:15:46,349 [INFO] saved → /app/data/normalized/www_jobbank_gc_ca_jobsearch_jobposting_49431264.json
2026-05-03 13:15:46,349 [INFO] crawling https://www.jobbank.gc.ca/jobsearch/jobposting/49431123
2026-05-03 13:15:48,327 [INFO] saved → /app/data/raw/www_jobbank_gc_ca_jobsearch_jobposting_49431123.json
2026-05-03 13:15:48,328 [INFO] saved → /app/data/normalized/www_jobbank_gc_ca_jobsearch_jobposting_49431123.json
2026-05-03 13:15:48,328 [INFO] crawling https://www.jobbank.gc.ca/jobsearch/jobposting/49430173
2026-05-03 13:15:50,332 [INFO] saved → /app/data/raw/www_jobbank_gc_ca_jobsearch_jobposting_49430173.json
2026-05-03 13:15:50,333 [INFO] saved → /app/data/normalized/www_jobbank_gc_ca_jobsearch_jobposting_49430173.json
2026-05-03 13:15:50,333 [INFO] crawling https://www.jobbank.gc.ca/jobsearch/jobposting/49427590
2026-05-03 13:15:52,075 [INFO] saved → /app/data/raw/www_jobbank_gc_ca_jobsearch_jobposting_49427590.json
2026-05-03 13:15:52,076 [INFO] saved → /app/data/normalized/www_jobbank_gc_ca_jobsearch_jobposting_49427590.json
2026-05-03 13:15:52,159 [INFO] success: 15, errors: 0, success_rate: 100.0%
2026-05-03 13:15:52,159 [INFO] duration: 29s
2026-05-03 13:15:52,160 [INFO] === worker-js done ===
